// Vitest Snapshot v1, https://vitest.dev/guide/snapshot.html

exports[`financing engine · regression fixtures (shared by /ferramentas and /proposta) > ferramentas-price-240m-10.5 → deterministic simulate() output 1`] = `
{
  "cetAnnual": 0.116425,
  "cetMonthly": 0.00922,
  "financedAmount": 400000,
  "firstInstallment": 4177.03,
  "firstPayment": 3867.03,
  "firstRow": {
    "admin": 25,
    "amortization": 524.97,
    "balance": 399475.03,
    "dfi": 125,
    "fullPayment": 4177.03,
    "interest": 3342.06,
    "mip": 160,
    "n": 1,
    "payment": 3867.03,
  },
  "lastInstallment": 4018.56,
  "lastPayment": 3867.03,
  "lastRow": {
    "admin": 25,
    "amortization": 3834.99,
    "balance": 0,
    "dfi": 125,
    "fullPayment": 4018.56,
    "interest": 32.04,
    "mip": 1.53,
    "n": 240,
    "payment": 3867.03,
  },
  "midRow": {
    "admin": 25,
    "amortization": 1424.8,
    "balance": 290876.95,
    "dfi": 125,
    "fullPayment": 4133.95,
    "interest": 2442.23,
    "mip": 116.92,
    "n": 121,
    "payment": 3867.03,
  },
  "monthlyRate": 0.008355,
  "scheduleLength": 240,
  "system": "PRICE",
  "totalInsurance": 61281.97,
  "totalInterest": 528086.99,
  "totalPaid": 989368.96,
}
`;

exports[`financing engine · regression fixtures (shared by /ferramentas and /proposta) > vila-park-price-360m-11.19 → deterministic simulate() output 1`] = `
{
  "cetAnnual": 0.121697,
  "cetMonthly": 0.009616,
  "financedAmount": 600000,
  "firstInstallment": 5977.65,
  "firstPayment": 5557.65,
  "firstRow": {
    "admin": 25,
    "amortization": 230.63,
    "balance": 599769.37,
    "dfi": 200,
    "fullPayment": 5977.65,
    "interest": 5327.02,
    "mip": 195,
    "n": 1,
    "payment": 5557.65,
  },
  "lastInstallment": 5784.44,
  "lastPayment": 5557.65,
  "lastRow": {
    "admin": 25,
    "amortization": 5508.75,
    "balance": 0,
    "dfi": 200,
    "fullPayment": 5784.44,
    "interest": 48.91,
    "mip": 1.79,
    "n": 360,
    "payment": 5557.65,
  },
  "midRow": {
    "admin": 25,
    "amortization": 1132.15,
    "balance": 497326.45,
    "dfi": 200,
    "fullPayment": 5944.65,
    "interest": 4425.5,
    "mip": 162,
    "n": 181,
    "payment": 5557.65,
  },
  "monthlyRate": 0.008878,
  "scheduleLength": 360,
  "system": "PRICE",
  "totalInsurance": 132275.8,
  "totalInterest": 1400755.36,
  "totalPaid": 2133031.16,
}
`;

exports[`financing engine · regression fixtures (shared by /ferramentas and /proposta) > vila-park-sac-360m-11.19 → deterministic simulate() output 1`] = `
{
  "cetAnnual": 0.122899,
  "cetMonthly": 0.009706,
  "financedAmount": 600000,
  "firstInstallment": 7413.69,
  "firstPayment": 6993.69,
  "firstRow": {
    "admin": 25,
    "amortization": 1666.67,
    "balance": 598333.33,
    "dfi": 200,
    "fullPayment": 7413.69,
    "interest": 5327.02,
    "mip": 195,
    "n": 1,
    "payment": 6993.69,
  },
  "lastInstallment": 1907.01,
  "lastPayment": 1681.46,
  "lastRow": {
    "admin": 25,
    "amortization": 1666.67,
    "balance": 0,
    "dfi": 200,
    "fullPayment": 1907.01,
    "interest": 14.8,
    "mip": 0.54,
    "n": 360,
    "payment": 1681.46,
  },
  "midRow": {
    "admin": 25,
    "amortization": 1666.67,
    "balance": 298333.33,
    "dfi": 200,
    "fullPayment": 4652.68,
    "interest": 2663.51,
    "mip": 97.5,
    "n": 181,
    "payment": 4330.18,
  },
  "monthlyRate": 0.008878,
  "scheduleLength": 360,
  "system": "SAC",
  "totalInsurance": 116197.5,
  "totalInterest": 961527.43,
  "totalPaid": 1677724.93,
}
`;
